// Jest Snapshot v1, https://goo.gl/fbAQLP

exports[`Layout-Footer should render the component without errors 1`] = `
<withRouter(Profile)>
  <Route>
    <Profile
      history={
        Object {
          "action": "POP",
          "block": [Function],
          "canGo": [Function],
          "createHref": [Function],
          "entries": Array [
            Object {
              "hash": "",
              "key": "ztj4p6",
              "pathname": "/",
              "search": "",
              "state": undefined,
            },
          ],
          "go": [Function],
          "goBack": [Function],
          "goForward": [Function],
          "index": 0,
          "length": 1,
          "listen": [Function],
          "location": Object {
            "hash": "",
            "key": "ztj4p6",
            "pathname": "/",
            "search": "",
            "state": undefined,
          },
          "push": [Function],
          "replace": [Function],
        }
      }
      location={
        Object {
          "hash": "",
          "key": "ztj4p6",
          "pathname": "/",
          "search": "",
          "state": undefined,
        }
      }
      match={
        Object {
          "isExact": true,
          "params": Object {},
          "path": "/",
          "url": "/",
        }
      }
    >
      <Container
        fluid={true}
        style={
          Object {
            "justifyContent": "center",
          }
        }
        tag="div"
      >
        <div
          className="container-fluid"
          style={
            Object {
              "justifyContent": "center",
            }
          }
        >
          <div
            style={
              Object {
                "alignSelf": "center",
                "display": "flex",
                "justifyContent": "center",
                "paddingTop": "3%",
                "width": "100%",
              }
            }
          >
            <Card
              style={
                Object {
                  "alignSelf": "center",
                  "borderWidth": 0,
                  "display": "flex",
                  "justifyContent": "center",
                  "width": "40%",
                }
              }
              tag="div"
            >
              <div
                className="card"
                style={
                  Object {
                    "alignSelf": "center",
                    "borderWidth": 0,
                    "display": "flex",
                    "justifyContent": "center",
                    "width": "40%",
                  }
                }
              >
                <CardHeader
                  align="center"
                  style={
                    Object {
                      "backgroundColor": "#303030",
                      "color": "white",
                    }
                  }
                  tag="h3"
                >
                  <h3
                    align="center"
                    className="card-header"
                    style={
                      Object {
                        "backgroundColor": "#303030",
                        "color": "white",
                      }
                    }
                  >
                    Profile Settings
                  </h3>
                </CardHeader>
                <CardBody
                  style={
                    Object {
                      "backgroundColor": "#3d3d3d",
                      "color": "white",
                      "justifyContent": "space-between",
                      "width": "100%",
                    }
                  }
                  tag="div"
                >
                  <div
                    className="card-body"
                    style={
                      Object {
                        "backgroundColor": "#3d3d3d",
                        "color": "white",
                        "justifyContent": "space-between",
                        "width": "100%",
                      }
                    }
                  >
                    <div
                      className="panel panel-default"
                    >
                      <FormErrors
                        formErrors={
                          Object {
                            "password": "",
                          }
                        }
                      >
                        <div
                          className="formErrors"
                        />
                      </FormErrors>
                    </div>
                    <div
                      style={
                        Object {
                          "paddingBottom": "10%",
                        }
                      }
                    >
                      <label>
                        Username
                        <br />
                        <br />
                        ..................................
                      </label>
                    </div>
                    <div
                      style={
                        Object {
                          "paddingBottom": "10%",
                        }
                      }
                    >
                      <label>
                        Email
                        <br />
                        <br />
                        ..................................
                      </label>
                    </div>
                    <div
                      style={
                        Object {
                          "fontSize": "125%",
                          "paddingBottome": "5%",
                          "paddingLeft": "33%",
                        }
                      }
                    >
                      <label>
                        Change Password
                      </label>
                    </div>
                    <div
                      className="form-group "
                    >
                      <label
                        htmlFor="password1"
                      >
                        New Password
                      </label>
                      <Input
                        className="form-control"
                        name="password"
                        onChange={[Function]}
                        placeholder=""
                        style={
                          Object {
                            "backgroundColor": "#303030",
                            "borderWidth": 0,
                            "color": "white",
                          }
                        }
                        type="password"
                      >
                        <input
                          className="form-control form-control"
                          name="password"
                          onChange={[Function]}
                          placeholder=""
                          style={
                            Object {
                              "backgroundColor": "#303030",
                              "borderWidth": 0,
                              "color": "white",
                            }
                          }
                          type="password"
                        />
                      </Input>
                    </div>
                    <div
                      className="form-group "
                    >
                      <label
                        htmlFor="password2"
                      >
                        Confirm New Password
                      </label>
                      <Input
                        className="form-control"
                        name="password"
                        onChange={[Function]}
                        placeholder=""
                        style={
                          Object {
                            "backgroundColor": "#303030",
                            "borderWidth": 0,
                            "color": "white",
                          }
                        }
                        type="password"
                      >
                        <input
                          className="form-control form-control"
                          name="password"
                          onChange={[Function]}
                          placeholder=""
                          style={
                            Object {
                              "backgroundColor": "#303030",
                              "borderWidth": 0,
                              "color": "white",
                            }
                          }
                          type="password"
                        />
                      </Input>
                    </div>
                    <div
                      style={
                        Object {
                          "backgroundColor": "#3d3d3d",
                          "paddingLeft": "15%",
                          "paddingRight": "15%",
                        }
                      }
                    >
                      <Button
                        className="btn-block mt0 login-form-button"
                        color="primary"
                        onClick={[Function]}
                        tag="button"
                      >
                        <button
                          aria-label={null}
                          className="btn-block mt0 login-form-button btn btn-primary"
                          onClick={[Function]}
                          type="button"
                        >
                          Save and Return
                        </button>
                      </Button>
                       
                    </div>
                  </div>
                </CardBody>
              </div>
            </Card>
          </div>
        </div>
      </Container>
    </Profile>
  </Route>
</withRouter(Profile)>
`;
