// Jest Snapshot v1, https://goo.gl/fbAQLP

exports[`Layout-Footer should render the component without errors 1`] = `
<LoginHeader>
  <div
    id="headerContainer"
    style={
      Object {
        "height": "64px",
      }
    }
  >
    <a
      className="d-inline-flex px-2 justify-self-center mx-auto"
      href="/"
      id="logoBanner"
    >
      <img
        alt=""
        height="70"
        id="logo"
        src="test-file-stub"
        width="90"
      />
      <h1
        className="m-0"
        style={
          Object {
            "alignSelf": "center",
            "color": "white",
            "height": "50px",
            "lineHeight": "50px",
            "textDecoration": "none",
          }
        }
      >
        DataMaster
      </h1>
    </a>
  </div>
</LoginHeader>
`;
